Rishant Prakash
Log for AST 5765, Fall 2026
*****IN: Wed Aug 26 15:25:14 EDT 2026
Started Homework 0.
Opened TextEdit and created my AST 5765 work log.

Name: Rishant Prakash

Username: prakash

What astronomy classes have you taken?
My academic background is primarily in geological sciences, Earth science, planetary science, and isotope geochemistry.

Are you generally comfortable with calculus and physics?
I have experience with calculus and physics through my Earth and planetary science coursework, although my background is stronger in geological sciences than in physics. I would like to strengthen my physics and quantitative background through this course.

Have you ever programmed a computer?
Yes.

In what language(s)?
Python, Java (10 years ago), C++ for a class Numerical Methods (at Arizona State University)

Have you taken a programming class, and if so which?
I have used programming for scientific work (Plotting, regression, Chi^2 for data analysis fro my MS thesis on three-dimensional supernova modeling output files but have not taken a dedicated programming course.

Have you taken statistics or probability?
No.

Will you be attending the DPS conference this year, or will you be away otherwise?
I'm a first year PhD student, currently I do not have anything to present.

Why are you taking this course?
I am taking this course to develop stronger skills in astronomical data analysis, scientific programming, statistics, and computational methods that I can apply to my PhD research in planetary science.

Are there particular topics you hope to learn?
I would like to improve my Python-based scientific data analysis, statistical analysis, visualization, uncertainty analysis, model-data comparison, and methods for working with large astronomical and planetary-science datasets.

If you have programmed outside of a course before, please briefly describe:
I have used Python for scientific data analysis, plotting, statistical comparisons, and working with research datasets (million data points).

If you have worked with scientific data before, briefly describe your experience:
I have worked extensively with laboratory and computational scientific datasets in isotope geochemistry and planetary science. My research has included Cr and Ti isotope measurements of presolar oxide grains, comparison of measured isotope ratios with three-dimensional core-collapse supernova model outputs, statistical model-data matching, and analysis of electron-microprobe and compositional data from synthetic Ti-CMAS glasses that I build using high-T gas mixing furnace.

Please describe any projects in astronomy, including involvement in amateur groups, owning a telescope, research, etc.:
My research focuses on cosmochemistry and planetary science. I have studied presolar oxide nanograins and compared their Cr-Ti isotopic compositions with three-dimensional core-collapse supernova models to investigate their stellar origins. I also work on developing synthetic Ti-CMAS glass standards for in situ titanium-isotope measurements of calcium-aluminum-rich inclusions (CAIs). My PhD research will involve isotope geochemistry of early Solar System materials.




How I will complete and submit the homework:

1. I will create a folder named hw0_rishant on my Desktop.

2. After completing my log file, I will copy
0-ast5765-rishant.log
from my Desktop into the hw0_rishant folder.

3. I will zip the hw0_rishant folder by right-clicking the folder and selecting "Compress hw0_rishant". This will create hw0_rishant.zip.

4. I will log in to Webcourses, open the Homework 0 assignment for AST 5765, upload hw0_rishant.zip, and submit the assignment. (Although, I've not been registered in the coursework yet, so probably I shall be emailing the file to Prof Joseph Harrington and TA Cameron Collyer.


*****OUT: Wed Aug 26 [Wed Aug 26 15:36:05 EDT 2026]
